[themesflat.co/html/autodeal/index.html]
[backblue.gif]
[fade.gif]
[index.html]
[themesflat.co/html/autodeal/assets/images/logo/Favicon.png]
[themesflat.co/html/autodeal/assets/images/logo/logo2.png]
[themesflat.co/html/autodeal/assets/images/logo/logo@2x.png]
[themesflat.co/html/autodeal/home02.html]
[themesflat.co/html/autodeal/home03.html]
[themesflat.co/html/autodeal/home04.html]
[themesflat.co/html/autodeal/home05.html]
[themesflat.co/html/autodeal/home06.html]
[themesflat.co/html/autodeal/home07.html]
[themesflat.co/html/autodeal/home08.html]
[themesflat.co/html/autodeal/home09.html]
[themesflat.co/html/autodeal/home10.html]
[themesflat.co/html/autodeal/listing-list.html]
[themesflat.co/html/autodeal/listing-grid.html]
[themesflat.co/html/autodeal/listing-grid2.html]
[themesflat.co/html/autodeal/listing-grid-map.html]
[themesflat.co/html/autodeal/listing-list-map.html]
[themesflat.co/html/autodeal/listing-detail-v1.html]
[themesflat.co/html/autodeal/listing-detail-v2.html]
[themesflat.co/html/autodeal/listing-detail-v3.html]
[themesflat.co/html/autodeal/listing-detail-v4.html]
[themesflat.co/html/autodeal/listing-detail-v5.html]
[themesflat.co/html/autodeal/about-us.html]
[themesflat.co/html/autodeal/faq.html]
[themesflat.co/html/autodeal/pricing.html]
[themesflat.co/html/autodeal/compare.html]
[themesflat.co/html/autodeal/dealer-listing.html]
[themesflat.co/html/autodeal/dealer-detail.html]
[themesflat.co/html/autodeal/sale-agents.html]
[themesflat.co/html/autodeal/sale-agents-detail.html]
[themesflat.co/html/autodeal/dashboard.html]
[themesflat.co/html/autodeal/blog.html]
[themesflat.co/html/autodeal/blog-grid.html]
[themesflat.co/html/autodeal/blog-detail.html]
[themesflat.co/html/autodeal/contact.html]
[themesflat.co/html/autodeal/add-listing.html]
[themesflat.co/html/autodeal/assets/images/slider/slide1.jpg]
[themesflat.co/html/autodeal/assets/images/author/avt-slide.png]
[themesflat.co/html/autodeal/assets/images/slider/slide2.jpg]
[themesflat.co/html/autodeal/my-favorite.html]
[themesflat.co/html/autodeal/assets/images/car-list/car4.jpg]
[themesflat.co/html/autodeal/assets/images/author/8.png]
[themesflat.co/html/autodeal/assets/images/car-list/car13.jpg]
[themesflat.co/html/autodeal/assets/images/car-list/car6.jpg]
[themesflat.co/html/autodeal/assets/images/author/16.png]
[themesflat.co/html/autodeal/assets/images/car-list/car8.jpg]
[themesflat.co/html/autodeal/assets/images/author/3.png]
[themesflat.co/html/autodeal/assets/images/car-list/car9.jpg]
[themesflat.co/html/autodeal/assets/images/author/6.png]
[themesflat.co/html/autodeal/assets/images/car-list/car10.jpg]
[themesflat.co/html/autodeal/assets/images/car-list/car11.jpg]
[themesflat.co/html/autodeal/assets/images/author/15.png]
[themesflat.co/html/autodeal/assets/images/car-list/car12.jpg]
[themesflat.co/html/autodeal/assets/images/partner/partner1.png]
[themesflat.co/html/autodeal/assets/images/partner/partner2.png]
[themesflat.co/html/autodeal/assets/images/partner/partner3.png]
[themesflat.co/html/autodeal/assets/images/partner/partner4.png]
[themesflat.co/html/autodeal/assets/images/partner/partner5.png]
[themesflat.co/html/autodeal/assets/images/partner/partner6.png]
[themesflat.co/html/autodeal/assets/images/car-list/car16.jpg]
[themesflat.co/html/autodeal/assets/images/author/avt-cm3.jpg]
[themesflat.co/html/autodeal/assets/images/car-list/car17.jpg]
[themesflat.co/html/autodeal/assets/images/author/avt1.jpg]
[themesflat.co/html/autodeal/assets/images/car-list/car14.jpg]
[themesflat.co/html/autodeal/assets/images/car-list/car15.jpg]
[themesflat.co/html/autodeal/assets/images/author/avt-cm2.jpg]
[themesflat.co/html/autodeal/assets/images/img-box/find-car-1.png]
[themesflat.co/html/autodeal/assets/images/img-box/find-car-2.png]
[themesflat.co/html/autodeal/assets/images/section/car-review.jpg]
[themesflat.co/html/autodeal/assets/images/section/car-review3.jpg]
[themesflat.co/html/autodeal/assets/images/blog/blog-5.jpg]
[themesflat.co/html/autodeal/assets/images/blog/blog-3.jpg]
[themesflat.co/html/autodeal/assets/images/blog/blog-2.jpg]
[themesflat.co/html/autodeal/assets/images/partner/par1.png]
[themesflat.co/html/autodeal/assets/images/partner/par2.png]
[themesflat.co/html/autodeal/assets/images/partner/par3.png]
[themesflat.co/html/autodeal/assets/images/partner/par4.png]
[themesflat.co/html/autodeal/assets/images/partner/par5.png]
[themesflat.co/html/autodeal/assets/images/partner/par6.png]
[themesflat.co/html/autodeal/assets/images/logo/logo-footer@2x.png]
[themesflat.co/html/autodeal/assets/images/section/login.jpg]
[themesflat.co/html/autodeal/assets/images/section/register.jpg]
[themesflat.co/html/autodeal/assets/images/dashboard/compare1.jpg]
[themesflat.co/html/autodeal/assets/images/dashboard/compare2.jpg]
[themesflat.co/html/autodeal/app/js/jquery.min.js]
[themesflat.co/html/autodeal/app/js/jquery.nice-select.min.js]
[themesflat.co/html/autodeal/app/js/bootstrap.min.js]
[themesflat.co/html/autodeal/app/js/plugin.js]
[themesflat.co/html/autodeal/app/js/shortcodes.js]
[themesflat.co/html/autodeal/app/js/main.js]
[themesflat.co/html/autodeal/app/js/swiper-bundle.min.js]
[themesflat.co/html/autodeal/app/js/swiper.js]
[themesflat.co/html/autodeal/app/js/jquery-validate.js]
[themesflat.co/html/autodeal/app/js/price-ranger.js]
[themesflat.co/html/autodeal/index.html]
[themesflat.co/html/autodeal/assets/fonts/fa-brands-400.eot]
[themesflat.co/html/autodeal/assets/fonts/fa-brands-400d41d.eot]
[themesflat.co/html/autodeal/assets/fonts/fa-brands-400.woff]
[themesflat.co/html/autodeal/assets/fonts/fa-brands-400.ttf]
[themesflat.co/html/autodeal/assets/fonts/fa-duotone-900.eot]
[themesflat.co/html/autodeal/assets/fonts/fa-duotone-900d41d.eot]
[themesflat.co/html/autodeal/assets/fonts/fa-duotone-900.woff]
[themesflat.co/html/autodeal/assets/fonts/fa-duotone-900.ttf]
[themesflat.co/html/autodeal/assets/fonts/fa-light-300d41d.eot]
[themesflat.co/html/autodeal/assets/fonts/fa-light-300.woff]
[themesflat.co/html/autodeal/assets/fonts/fa-light-300.ttf]
[themesflat.co/html/autodeal/assets/fonts/fa-regular-400.eot]
[themesflat.co/html/autodeal/assets/fonts/fa-regular-400d41d.eot]
[themesflat.co/html/autodeal/assets/fonts/fa-regular-400.woff]
[themesflat.co/html/autodeal/assets/fonts/fa-regular-400.ttf]
[themesflat.co/html/autodeal/assets/fonts/fa-solid-900.eot]
[themesflat.co/html/autodeal/assets/fonts/fa-solid-900d41d.eot]
[themesflat.co/html/autodeal/assets/fonts/fa-solid-900.woff]
[themesflat.co/html/autodeal/assets/fonts/fa-solid-900.ttf]
[themesflat.co/html/autodeal/app/css/font-awesome.css]
[themesflat.co/html/autodeal/assets/images/section/bg-1.jpg]
[themesflat.co/html/autodeal/assets/images/section/bg-3.jpg]
[themesflat.co/html/autodeal/assets/images/section/bg-4.jpg]
[themesflat.co/html/autodeal/assets/images/section/bg-11.jpg]
[themesflat.co/html/autodeal/assets/images/section/bg-7.jpg]
[themesflat.co/html/autodeal/assets/images/section/bg-8.jpg]
[themesflat.co/html/autodeal/assets/images/section/bg-6.jpg]
[themesflat.co/html/autodeal/assets/images/section/bg-2.jpg]
[themesflat.co/html/autodeal/assets/images/section/bg-9.jpg]
[themesflat.co/html/autodeal/assets/images/section/bg-5.jpg]
[themesflat.co/html/autodeal/assets/images/section/bg-10.jpg]
[themesflat.co/html/autodeal/assets/images/slider/slide9.jpg]
[themesflat.co/html/autodeal/assets/images/dashboard/map-marker.png]
[themesflat.co/html/autodeal/assets/images/dashboard/dealder-pagetitle.jpg]
[themesflat.co/html/autodeal/assets/images/section/bg-12.jpg]
[themesflat.co/html/autodeal/assets/images/section/bg-13.jpg]
[themesflat.co/html/autodeal/assets/images/logo/preload.png]
[themesflat.co/html/autodeal/app/css/styles.css]
[themesflat.co/html/autodeal/assets/images/section/video.mp4]
[themesflat.co/html/autodeal/assets/images/car-list/car1.jpg]
[themesflat.co/html/autodeal/assets/images/car-list/car2.jpg]
[themesflat.co/html/autodeal/assets/images/car-list/car3.jpg]
[themesflat.co/html/autodeal/assets/images/author/avt-cm1.jpg]
[themesflat.co/html/autodeal/assets/images/car-list/car18.jpg]
[themesflat.co/html/autodeal/assets/images/car-list/car19.jpg]
[themesflat.co/html/autodeal/assets/images/car-list/car20.jpg]
[themesflat.co/html/autodeal/assets/images/car-list/car21.jpg]
[themesflat.co/html/autodeal/assets/images/car-list/car22.jpg]
[themesflat.co/html/autodeal/assets/images/author/9.jpg]
[themesflat.co/html/autodeal/assets/images/car-list/car23.jpg]
[themesflat.co/html/autodeal/assets/images/author/5.jpg]
[themesflat.co/html/autodeal/assets/images/car-list/car24.jpg]
[themesflat.co/html/autodeal/assets/images/car-list/car25.jpg]
[themesflat.co/html/autodeal/assets/images/author/12.jpg]
[themesflat.co/html/autodeal/assets/images/section/specs1.jpg]
[themesflat.co/html/autodeal/assets/images/section/specs2.png]
[themesflat.co/html/autodeal/assets/images/author/avt2.jpg]
[themesflat.co/html/autodeal/assets/images/icon-box/car-list1.png]
[themesflat.co/html/autodeal/assets/images/icon-box/car-list2.png]
[themesflat.co/html/autodeal/assets/images/icon-box/car-list3.png]
[themesflat.co/html/autodeal/assets/images/icon-box/car-list4.png]
[themesflat.co/html/autodeal/assets/images/icon-box/car-list5.png]
[themesflat.co/html/autodeal/assets/images/icon-box/car-list6.png]
[themesflat.co/html/autodeal/assets/images/icon-box/car-list7.png]
[themesflat.co/html/autodeal/assets/images/icon-box/car-list8.png]
[themesflat.co/html/autodeal/assets/images/img-box/compare1.jpg]
[themesflat.co/html/autodeal/assets/images/img-box/compare2.jpg]
[themesflat.co/html/autodeal/assets/images/img-box/compare3.jpg]
[themesflat.co/html/autodeal/assets/images/img-box/compare4.jpg]
[themesflat.co/html/autodeal/assets/images/img-box/compare5.jpg]
[themesflat.co/html/autodeal/assets/images/img-box/compare6.jpg]
[themesflat.co/html/autodeal/home02.html]
[themesflat.co/html/autodeal/assets/images/slider/slide3.jpg]
[themesflat.co/html/autodeal/assets/images/slider/slide4.jpg]
[themesflat.co/html/autodeal/assets/images/car-list/car28.jpg]
[themesflat.co/html/autodeal/assets/images/car-list/car29.jpg]
[themesflat.co/html/autodeal/assets/images/author/4.jpg]
[themesflat.co/html/autodeal/assets/images/car-list/car27.jpg]
[themesflat.co/html/autodeal/assets/images/author/13.jpg]
[themesflat.co/html/autodeal/assets/images/section/wcu-1.jpg]
[themesflat.co/html/autodeal/assets/images/section/wcu-2.png]
[themesflat.co/html/autodeal/assets/images/img-box/team1.jpg]
[themesflat.co/html/autodeal/assets/images/img-box/team2.jpg]
[themesflat.co/html/autodeal/assets/images/img-box/team3.jpg]
[themesflat.co/html/autodeal/assets/images/img-box/team4.jpg]
[themesflat.co/html/autodeal/assets/images/img-box/find-car-4.png]
[themesflat.co/html/autodeal/assets/images/section/app-store.png]
[themesflat.co/html/autodeal/assets/images/section/google-play.png]
[themesflat.co/html/autodeal/assets/images/section/star-5.png]
[themesflat.co/html/autodeal/assets/images/author/1.jpg]
[themesflat.co/html/autodeal/assets/images/img-box/car30.jpg]
[themesflat.co/html/autodeal/assets/images/img-box/car31.jpg]
[themesflat.co/html/autodeal/assets/images/img-box/car32.jpg]
[themesflat.co/html/autodeal/assets/images/img-box/car33.jpg]
[themesflat.co/html/autodeal/assets/images/img-box/car34.jpg]
[themesflat.co/html/autodeal/assets/images/img-box/car35.jpg]
[themesflat.co/html/autodeal/assets/images/blog/blog-15.jpg]
[themesflat.co/html/autodeal/assets/images/blog/blog-16.jpg]
[themesflat.co/html/autodeal/assets/images/blog/blog-17.jpg]
[themesflat.co/html/autodeal/assets/images/blog/blog-18.jpg]
[themesflat.co/html/autodeal/app/js/jquery.easing.js]
[themesflat.co/html/autodeal/home03.html]
[themesflat.co/html/autodeal/assets/images/slider/slide5.jpg]
[themesflat.co/html/autodeal/assets/images/section/wcu-3.jpg]
[themesflat.co/html/autodeal/assets/images/section/wcu-4.jpg]
[themesflat.co/html/autodeal/assets/images/img-box/car36.jpg]
[themesflat.co/html/autodeal/assets/images/img-box/car37.jpg]
[themesflat.co/html/autodeal/assets/images/img-box/car38.jpg]
[themesflat.co/html/autodeal/assets/images/img-box/car39.jpg]
[themesflat.co/html/autodeal/assets/images/img-box/car40.jpg]
[themesflat.co/html/autodeal/assets/images/img-box/car41.jpg]
[themesflat.co/html/autodeal/home04.html]
[themesflat.co/html/autodeal/assets/images/author/11.jpg]
[themesflat.co/html/autodeal/home05.html]
[themesflat.co/html/autodeal/assets/images/slider/slide6.jpg]
[themesflat.co/html/autodeal/assets/images/author/2.jpg]
[themesflat.co/html/autodeal/assets/images/author/7.jpg]
[themesflat.co/html/autodeal/assets/images/partner/parner7.png]
[themesflat.co/html/autodeal/assets/images/partner/parner8.png]
[themesflat.co/html/autodeal/assets/images/partner/parner9.png]
[themesflat.co/html/autodeal/assets/images/partner/parner10.png]
[themesflat.co/html/autodeal/assets/images/partner/parner11.png]
[themesflat.co/html/autodeal/assets/images/partner/parner12.png]
[themesflat.co/html/autodeal/assets/images/blog/blog-19.jpg]
[themesflat.co/html/autodeal/assets/images/blog/blog-20.jpg]
[themesflat.co/html/autodeal/assets/images/blog/blog-21.jpg]
[themesflat.co/html/autodeal/assets/images/blog/blog-22.jpg]
[themesflat.co/html/autodeal/home06.html]
[themesflat.co/html/autodeal/assets/images/slider/slide7.jpg]
[themesflat.co/html/autodeal/assets/images/section/car-slide1.png]
[themesflat.co/html/autodeal/assets/images/section/car-slide2.png]
[themesflat.co/html/autodeal/assets/images/section/car-slide3.png]
[themesflat.co/html/autodeal/assets/images/author/14.jpg]
[themesflat.co/html/autodeal/assets/images/img-box/list1.jpg]
[themesflat.co/html/autodeal/assets/images/img-box/list2.jpg]
[themesflat.co/html/autodeal/assets/images/img-box/list3.jpg]
[themesflat.co/html/autodeal/assets/images/img-box/list4.jpg]
[themesflat.co/html/autodeal/assets/images/img-box/list5.jpg]
[themesflat.co/html/autodeal/home07.html]
[themesflat.co/html/autodeal/assets/images/slider/slide8.png]
[themesflat.co/html/autodeal/home08.html]
[themesflat.co/html/autodeal/home09.html]
[themesflat.co/html/autodeal/assets/images/slider/slide10.jpg]
[themesflat.co/html/autodeal/home10.html]
[themesflat.co/html/autodeal/listing-list.html]
[themesflat.co/html/autodeal/listing-grid.html]
[themesflat.co/html/autodeal/assets/images/author/10.jpg]
[themesflat.co/html/autodeal/listing-grid2.html]
[themesflat.co/html/autodeal/app/js/maps.js]
[themesflat.co/html/autodeal/app/js/marker.js]
[themesflat.co/html/autodeal/app/js/infobox.min.js]
[themesflat.co/html/autodeal/listing-grid-map.html]
[themesflat.co/html/autodeal/listing-list-map.html]
[themesflat.co/html/autodeal/assets/images/section/slider-listing1.jpg]
[themesflat.co/html/autodeal/assets/images/car-list/car34.jpg]
[themesflat.co/html/autodeal/app/js/jquery.fancybox.js]
[themesflat.co/html/autodeal/listing-detail-v1.html]
[themesflat.co/html/autodeal/assets/images/section/listing-detai-1.jpg]
[themesflat.co/html/autodeal/assets/images/section/listing-detai-2.jpg]
[themesflat.co/html/autodeal/assets/images/section/listing-detai-3.jpg]
[themesflat.co/html/autodeal/listing-detail-v2.html]
[themesflat.co/html/autodeal/listing-detail-v3.html]
[themesflat.co/html/autodeal/listing-detail-v4.html]
[themesflat.co/html/autodeal/listing-detail-v5.html]
[themesflat.co/html/autodeal/about-us.html]
[themesflat.co/html/autodeal/faq.html]
[themesflat.co/html/autodeal/pricing.html]
[themesflat.co/html/autodeal/compare.html]
[themesflat.co/html/autodeal/assets/images/dashboard/dealde-item.png]
[themesflat.co/html/autodeal/assets/images/dashboard/dealder-list6.png]
[themesflat.co/html/autodeal/assets/images/dashboard/dealder-list5.png]
[themesflat.co/html/autodeal/assets/images/dashboard/dealder-list4.png]
[themesflat.co/html/autodeal/assets/images/dashboard/dealder-list3.png]
[themesflat.co/html/autodeal/assets/images/dashboard/dealder-list2.png]
[themesflat.co/html/autodeal/assets/images/dashboard/dealder-list1.png]
[themesflat.co/html/autodeal/assets/images/dashboard/dealder-list7.png]
[themesflat.co/html/autodeal/app/js/lazysize.min.js]
[themesflat.co/html/autodeal/dealer-listing.html]
[themesflat.co/html/autodeal/assets/images/dashboard/single-dealer.jpg]
[themesflat.co/html/autodeal/assets/images/dashboard/agent4.jpg]
[themesflat.co/html/autodeal/assets/images/dashboard/agent3.jpg]
[themesflat.co/html/autodeal/assets/images/dashboard/agent2.jpg]
[themesflat.co/html/autodeal/assets/images/dashboard/agent1.jpg]
[themesflat.co/html/autodeal/app/js/map-single.js]
[themesflat.co/html/autodeal/app/js/dashboard.js]
[themesflat.co/html/autodeal/dealer-detail.html]
[themesflat.co/html/autodeal/assets/images/img-box/team5.jpg]
[themesflat.co/html/autodeal/assets/images/img-box/team6.jpg]
[themesflat.co/html/autodeal/assets/images/img-box/team7.jpg]
[themesflat.co/html/autodeal/assets/images/img-box/team8.jpg]
[themesflat.co/html/autodeal/assets/images/img-box/team9.jpg]
[themesflat.co/html/autodeal/assets/images/img-box/team10.jpg]
[themesflat.co/html/autodeal/assets/images/img-box/team11.jpg]
[themesflat.co/html/autodeal/assets/images/img-box/team12.jpg]
[themesflat.co/html/autodeal/sale-agents.html]
[themesflat.co/html/autodeal/sale-agents-detail.html]
[themesflat.co/html/autodeal/assets/images/dashboard/logo.png]
[themesflat.co/html/autodeal/assets/images/dashboard/avatar.png]
[themesflat.co/html/autodeal/my-listing.html]
[themesflat.co/html/autodeal/message.html]
[themesflat.co/html/autodeal/my-review.html]
[themesflat.co/html/autodeal/my-profile.html]
[themesflat.co/html/autodeal/change-password.html]
[themesflat.co/html/autodeal/assets/images/logo/logo.png]
[themesflat.co/html/autodeal/assets/images/dashboard/car-item3.png]
[themesflat.co/html/autodeal/assets/images/dashboard/car-item2.png]
[themesflat.co/html/autodeal/assets/images/dashboard/car-item1.png]
[themesflat.co/html/autodeal/assets/images/dashboard/car-item5.png]
[themesflat.co/html/autodeal/assets/images/dashboard/car-item4.png]
[themesflat.co/html/autodeal/assets/images/dashboard/rate4.png]
[themesflat.co/html/autodeal/assets/images/dashboard/rate3.png]
[themesflat.co/html/autodeal/assets/images/dashboard/rate2.png]
[themesflat.co/html/autodeal/assets/images/dashboard/rate1.png]
[themesflat.co/html/autodeal/app/js/chart.js]
[themesflat.co/html/autodeal/app/js/jquery-ui.js]
[themesflat.co/html/autodeal/dashboard.html]
[themesflat.co/html/autodeal/assets/images/blog/blog-1.jpg]
[themesflat.co/html/autodeal/assets/images/blog/blog-4.jpg]
[themesflat.co/html/autodeal/assets/images/blog/blog-post-1.jpg]
[themesflat.co/html/autodeal/assets/images/blog/blog-post-2.jpg]
[themesflat.co/html/autodeal/assets/images/blog/blog-post-3.jpg]
[themesflat.co/html/autodeal/blog.html]
[themesflat.co/html/autodeal/assets/images/blog/blog-6.jpg]
[themesflat.co/html/autodeal/assets/images/blog/blog-7.jpg]
[themesflat.co/html/autodeal/assets/images/blog/blog-8.jpg]
[themesflat.co/html/autodeal/assets/images/blog/blog-9.jpg]
[themesflat.co/html/autodeal/assets/images/blog/blog-10.jpg]
[themesflat.co/html/autodeal/assets/images/blog/blog-11.jpg]
[themesflat.co/html/autodeal/assets/images/blog/blog-12.jpg]
[themesflat.co/html/autodeal/assets/images/blog/blog-13.jpg]
[themesflat.co/html/autodeal/assets/images/blog/blog-14.jpg]
[themesflat.co/html/autodeal/blog-grid.html]
[themesflat.co/html/autodeal/assets/images/blog/blog-details-1.jpg]
[themesflat.co/html/autodeal/assets/images/blog/blog-details-2.jpg]
[themesflat.co/html/autodeal/assets/images/blog/blog-details-3.jpg]
[themesflat.co/html/autodeal/blog-detail.html]
[themesflat.co/html/autodeal/contact.html]
[themesflat.co/html/autodeal/assets/images/dashboard/thumb-media5.jpg]
[themesflat.co/html/autodeal/assets/images/dashboard/thumb-media4.jpg]
[themesflat.co/html/autodeal/assets/images/dashboard/thumb-media3.jpg]
[themesflat.co/html/autodeal/assets/images/dashboard/thumb-media2.jpg]
[themesflat.co/html/autodeal/assets/images/dashboard/thumb-media1.jpg]
[themesflat.co/html/autodeal/add-listing.html]
[themesflat.co/html/autodeal/my-favorite.html]
[themesflat.co/html/autodeal/assets/fonts/fa-brands-400.html]
[themesflat.co/html/autodeal/assets/fonts/fa-brands-400.svg]
[themesflat.co/html/autodeal/assets/fonts/fa-duotone-900.html]
[themesflat.co/html/autodeal/assets/fonts/fa-duotone-900.svg]
[themesflat.co/html/autodeal/assets/fonts/fa-light-300.html]
[themesflat.co/html/autodeal/assets/fonts/fa-light-300.svg]
[themesflat.co/html/autodeal/assets/fonts/fa-regular-400.html]
[themesflat.co/html/autodeal/assets/fonts/fa-regular-400.svg]
[themesflat.co/html/autodeal/assets/fonts/fa-solid-900.html]
[themesflat.co/html/autodeal/assets/fonts/fa-solid-900.svg]
[themesflat.co/html/autodeal/app/css/animate.css]
[themesflat.co/html/autodeal/app/css/jquery.fancybox.min.css]
[themesflat.co/html/autodeal/app/css/magnific-popup.css]
[themesflat.co/html/autodeal/app/css/swiper-bundle.min.css]
[themesflat.co/html/autodeal/app/css/nice-select.css]
[themesflat.co/html/autodeal/assets/fonts/fonts/autodealcb3a.eot]
[themesflat.co/html/autodeal/assets/fonts/fonts/autodealcb3a.ttf]
[themesflat.co/html/autodeal/assets/fonts/fonts/autodealcb3a.woff]
[themesflat.co/html/autodeal/assets/fonts/style.css]
[themesflat.co/html/autodeal/app/css/bootstrap.css]
[themesflat.co/html/autodeal/my-listing.html]
[themesflat.co/html/autodeal/assets/images/dashboard/chat-avt4.jpg]
[themesflat.co/html/autodeal/assets/images/dashboard/chat-avt3.jpg]
[themesflat.co/html/autodeal/assets/images/dashboard/chat-avt2.jpg]
[themesflat.co/html/autodeal/assets/images/dashboard/chat-avt1.jpg]
[themesflat.co/html/autodeal/assets/images/dashboard/chat-avt7.jpg]
[themesflat.co/html/autodeal/assets/images/dashboard/chat-avt6.jpg]
[themesflat.co/html/autodeal/assets/images/dashboard/chat-avt5.jpg]
[themesflat.co/html/autodeal/assets/images/dashboard/attrach1.png]
[themesflat.co/html/autodeal/assets/images/dashboard/attrach2.png]
[themesflat.co/html/autodeal/message.html]
[themesflat.co/html/autodeal/assets/images/dashboard/review9.png]
[themesflat.co/html/autodeal/assets/images/dashboard/review8.png]
[themesflat.co/html/autodeal/assets/images/dashboard/review7.png]
[themesflat.co/html/autodeal/assets/images/dashboard/review6.png]
[themesflat.co/html/autodeal/assets/images/dashboard/review5.png]
[themesflat.co/html/autodeal/assets/images/dashboard/review4.png]
[themesflat.co/html/autodeal/assets/images/dashboard/review3.png]
[themesflat.co/html/autodeal/assets/images/dashboard/review2.png]
[themesflat.co/html/autodeal/assets/images/dashboard/review1.png]
[themesflat.co/html/autodeal/assets/images/dashboard/review10.png]
[themesflat.co/html/autodeal/my-review.html]
[themesflat.co/html/autodeal/assets/images/dashboard/avt-profile.jpg]
[themesflat.co/html/autodeal/my-profile.html]
[themesflat.co/html/autodeal/change-password.html]
[themesflat.co/html/autodeal/assets/images/dashboard/overview1.svg]
[themesflat.co/html/autodeal/assets/images/dashboard/overview4.svg]
[themesflat.co/html/autodeal/assets/images/dashboard/overview3.svg]
[themesflat.co/html/autodeal/assets/images/dashboard/overview2.svg]
[themesflat.co/html/autodeal/assets/images/dashboard/pen.svg]
[themesflat.co/html/autodeal/assets/images/dashboard/hide.svg]
[themesflat.co/html/autodeal/assets/images/dashboard/trash.svg]
[themesflat.co/html/autodeal/assets/fonts/fonts/autodealcb3a.svg]
